// Jest Snapshot v1, https://goo.gl/fbAQLP

exports[`Moods container matches a snapshot 1`] = `
<Fragment>
  <Controls />
  <Face />
</Fragment>
`;
