// Jest Snapshot v1, https://goo.gl/fbAQLP

exports[`Button Component renders Button 1`] = `
<button
  key="stuff"
  onClick={[Function]}
>
  stuff
</button>
`;
